// Jest Snapshot v1, https://goo.gl/fbAQLP

exports[`App should render 1`] = `
<DocumentFragment>
  <div
    data-testid="App"
  >
    <div>
      <div>
        <input
          type="number"
          value="1"
        />
        <select
          data-testid="toConvert"
        >
          <option
            value="ChuckNorris"
          >
            ChuckNorris
          </option>
          <option
            value="BruceLee"
          >
            BruceLee
          </option>
          <option
            value="CaptainAmerica"
          >
            CaptainAmerica
          </option>
        </select>
      </div>
      <div>
        =
      </div>
      <div>
        <input
          type="number"
          value="30"
        />
        <select
          data-testid="converted"
        >
          <option
            value="ChuckNorris"
          >
            ChuckNorris
          </option>
          <option
            value="BruceLee"
          >
            BruceLee
          </option>
          <option
            value="CaptainAmerica"
          >
            CaptainAmerica
          </option>
        </select>
      </div>
    </div>
  </div>
</DocumentFragment>
`;
